
> nextjs_tailwind_shadcn_ts@0.2.0 test
> node --test --test-reporter=spec tests/integration/**/*.test.ts tests/security/**/*.test.ts

Could not find '/mnt/a/industryx/industryx/tests/integration/**/*.test.ts'
